Restore Archived Project report for DE2_TV
Mon Nov 28 21:25:17 2022
Quartus II 64-Bit Version 15.0.0 Build 145 04/22/2015 SJ Full Version


---------------------
; Table of Contents ;
---------------------
  1. Legal Notice
  2. Restore Archived Project Summary
  3. Restore Archived Project Messages
  4. Files Restored
  5. Files Not Restored



----------------
; Legal Notice ;
----------------
Copyright (C) 1991-2015 Altera Corporation. All rights reserved.
Your use of Altera Corporation's design tools, logic functions 
and other software and tools, and its AMPP partner logic 
functions, and any output files from any of the foregoing 
(including device programming or simulation files), and any 
associated documentation or information are expressly subject 
to the terms and conditions of the Altera Program License 
Subscription Agreement, the Altera Quartus II License Agreement,
the Altera MegaCore Function License Agreement, or other 
applicable license agreement, including, without limitation, 
that your use is for the sole purpose of programming logic 
devices manufactured by Altera and sold by Altera or its 
authorized distributors.  Please refer to the applicable 
agreement for further details.



+-------------------------------------------------------------------------+
; Restore Archived Project Summary                                        ;
+---------------------------------+---------------------------------------+
; Restore Archived Project Status ; Successful - Mon Nov 28 21:25:17 2022 ;
; Revision Name                   ; DE2_TV                                ;
; Top-level Entity Name           ; DE2_TV                                ;
; Family                          ; Cyclone II                            ;
+---------------------------------+---------------------------------------+


+-----------------------------------+
; Restore Archived Project Messages ;
+-----------------------------------+
Warning (13177): Your design targets the device family "Cyclone II". The specified family is not a valid device family, is not installed, or is not supported in this version of the Quartus II software. If you restored a project from an archived version, your project was successfully restored, but you still must specify or install a supported device family.
Info (13198): Your project was successfully restored, but the device information in the Flow Summary report cannot be updated until the design targets a supported device family.
Info: Successfully restored 'C:/Users/user/Desktop/code/src/DE2_TV.qar' into the 'C:/Users/user/Desktop/code/src/DE2_TV_restored/' directory
Info: Generated report 'DE2_TV.restore.rpt'
Info (23030): Evaluation of Tcl script c:/altera/15.0/quartus/common/tcl/apps/qpm/qar.tcl was successful
Info: Quartus II 64-Bit Shell was successful. 0 errors, 2 warnings
    Info: Peak virtual memory: 4468 megabytes
    Info: Processing ended: Mon Nov 28 21:25:17 2022
    Info: Elapsed time: 00:00:03
    Info: Total CPU time (on all processors): 00:00:00


+---------------------------------------------------+
; Files Restored                                    ;
+---------------------------------------------------+
; File Name                                         ;
+---------------------------------------------------+
; AUDIO_DAC.v                                       ;
; AUDIO_DAC_ADC.v                                   ;
; ColorBuffer.cmp                                   ;
; ColorBuffer.qip                                   ;
; ColorBuffer.vhd                                   ;
; DE2_TV.qpf                                        ;
; DE2_TV.qsf                                        ;
; DE2_TV.sdc                                        ;
; DE2_TV.v                                          ;
; DE2_TV_assignment_defaults.qdf                    ;
; DIV.v                                             ;
; I2C_AV_Config.v                                   ;
; I2C_Controller.v                                  ;
; ITU_656_Decoder.v                                 ;
; Line_Buffer.v                                     ;
; MAC_3.v                                           ;
; Mirror_Col.v                                      ;
; PLL.v                                             ;
; RGB1.mif                                          ;
; ROM.qip                                           ;
; ROM.v                                             ;
; ROM_bb.v                                          ;
; Reset_Delay.v                                     ;
; SEG7_LUT.v                                        ;
; SEG7_LUT_8.v                                      ;
; Sdram_Control_4Port/Sdram_Control_4Port.v         ;
; Sdram_Control_4Port/Sdram_PLL.v                   ;
; Sdram_Control_4Port/Sdram_Params.h                ;
; Sdram_Control_4Port/Sdram_RD_FIFO.v               ;
; Sdram_Control_4Port/Sdram_WR_FIFO.v               ;
; Sdram_Control_4Port/command.v                     ;
; Sdram_Control_4Port/control_interface.v           ;
; Sdram_Control_4Port/sdr_data_path.v               ;
; Stack_RAM.v                                       ;
; TD_Detect.v                                       ;
; TP_RAM.v                                          ;
; VGA_Ctrl.v                                        ;
; VGA_Param.h                                       ;
; YCbCr2RGB.v                                       ;
; YUV422_to_444.v                                   ;
; average.v                                         ;
; body_LUT.v                                        ;
; incremental_db/compiled_partitions/DE2_TV.db_info ;
; line.v                                            ;
; ram_infer.v                                       ;
+---------------------------------------------------+


+--------------------+
; Files Not Restored ;
+--------------------+
; File Name          ;
+--------------------+


